// Jest Snapshot v1, https://goo.gl/fbAQLP

exports[`renders correctly 1`] = `
.emotion-0 .undefined {
  display: -webkit-box;
  display: -webkit-flex;
  display: -ms-flexbox;
  display: flex;
  -webkit-box-flex-wrap: wrap;
  -webkit-flex-wrap: wrap;
  -ms-flex-wrap: wrap;
  flex-wrap: wrap;
  -webkit-box-pack: space-evenly;
  -ms-flex-pack: space-evenly;
  -webkit-justify-content: space-evenly;
  justify-content: space-evenly;
  width: 100%;
}

.emotion-1 {
  box-sizing: border-box;
  display: -webkit-box;
  display: -webkit-flex;
  display: -ms-flexbox;
  display: flex;
  -webkit-box-flex-wrap: wrap;
  -webkit-flex-wrap: wrap;
  -ms-flex-wrap: wrap;
  flex-wrap: wrap;
  width: 100%;
  -webkit-flex-direction: row;
  -ms-flex-direction: row;
  flex-direction: row;
  margin-top: -24px;
  width: calc(100% + 24px);
  margin-left: -24px;
}

.emotion-1>.MuiGrid-item {
  padding-top: 24px;
}

.emotion-1>.MuiGrid-item {
  padding-left: 24px;
}

.emotion-2 {
  box-sizing: border-box;
  margin: 0;
  -webkit-flex-direction: row;
  -ms-flex-direction: row;
  flex-direction: row;
}

.emotion-3 {
  background-color: #fff;
  color: rgba(0, 0, 0, 0.87);
  -webkit-transition: box-shadow 300ms cubic-bezier(0.4, 0, 0.2, 1) 0ms;
  transition: box-shadow 300ms cubic-bezier(0.4, 0, 0.2, 1) 0ms;
  border-radius: 4px;
  box-shadow: 0px 2px 1px -1px rgba(0,0,0,0.2),0px 1px 1px 0px rgba(0,0,0,0.14),0px 1px 3px 0px rgba(0,0,0,0.12);
  overflow: hidden;
}

.emotion-4 {
  display: -webkit-box;
  display: -webkit-flex;
  display: -ms-flexbox;
  display: flex;
  -webkit-align-items: center;
  -webkit-box-align: center;
  -ms-flex-align: center;
  align-items: center;
  padding: 16px;
}

.emotion-5 {
  display: -webkit-box;
  display: -webkit-flex;
  display: -ms-flexbox;
  display: flex;
  -webkit-flex: 0 0 auto;
  -ms-flex: 0 0 auto;
  flex: 0 0 auto;
  margin-right: 16px;
}

.emotion-6 {
  position: relative;
  display: -webkit-box;
  display: -webkit-flex;
  display: -ms-flexbox;
  display: flex;
  -webkit-align-items: center;
  -webkit-box-align: center;
  -ms-flex-align: center;
  align-items: center;
  -webkit-box-pack: center;
  -ms-flex-pack: center;
  -webkit-justify-content: center;
  justify-content: center;
  -webkit-flex-shrink: 0;
  -ms-flex-negative: 0;
  flex-shrink: 0;
  width: 40px;
  height: 40px;
  font-family: "Roboto","Helvetica","Arial",sans-serif;
  font-size: 1.25rem;
  line-height: 1;
  border-radius: 50%;
  overflow: hidden;
  -webkit-user-select: none;
  -moz-user-select: none;
  -ms-user-select: none;
  user-select: none;
}

.emotion-7 {
  width: 100%;
  height: 100%;
  text-align: center;
  object-fit: cover;
  color: transparent;
  text-indent: 10000px;
}

.emotion-8 {
  -webkit-flex: 1 1 auto;
  -ms-flex: 1 1 auto;
  flex: 1 1 auto;
}

.emotion-9 {
  margin: 0;
  font-family: "Roboto","Helvetica","Arial",sans-serif;
  font-weight: 400;
  font-size: 1.5rem;
  line-height: 1.334;
  letter-spacing: 0em;
}

.emotion-10 {
  margin: 0;
  font-family: "Roboto","Helvetica","Arial",sans-serif;
  font-weight: 400;
  font-size: 1rem;
  line-height: 1.5;
  letter-spacing: 0.00938em;
  color: rgba(0, 0, 0, 0.6);
}

<div
  className="anniversaries"
>
  <div
    className="anniversary-gift box"
  >
    <div
      className="anniversary-gift-top open"
    />
    <div
      className="anniversary-gift-text open"
    />
    <div
      className="anniversary-gift-box"
    />
  </div>
  <div
    className="emotion-0"
  >
    <div
      className="anniversary-title"
    >
      <h1>
        Anniversaries
      </h1>
    </div>
    <div
      className="MuiGrid-root MuiGrid-container MuiGrid-spacing-xs-3 emotion-1"
    >
      <div
        className="MuiGrid-root MuiGrid-item emotion-2"
      >
        <div
          className="MuiPaper-root MuiPaper-elevation MuiPaper-rounded MuiPaper-elevation1 MuiCard-root anniversaries-card emotion-3"
        >
          <a
            href="/profile/67dc3a3b-5bfa-4759-997a-fb6bac98dcf3"
            onClick={[Function]}
            style={
              Object {
                "color": "black",
                "textDecoration": "none",
              }
            }
          >
            <div
              className="MuiCardHeader-root MemberSummaryCard-header emotion-4"
            >
              <div
                className="MuiCardHeader-avatar emotion-5"
              >
                <div
                  className="MuiAvatar-root MuiAvatar-circular celebrations-avatar emotion-6"
                >
                  <img
                    className="MuiAvatar-img emotion-7"
                    src="http://localhost:8080/services/member-profiles/member-photos/undefined"
                  />
                </div>
              </div>
              <div
                className="MuiCardHeader-content emotion-8"
              >
                <h2
                  className="MuiTypography-root MuiTypography-h5 emotion-9"
                >
                  Jesse Hanner
                   (
                  12/20/2012
                  )
                </h2>
                <h3
                  className="MuiTypography-root MuiTypography-body1 emotion-10"
                >
                  Thank you for
                   
                  <span>
                    10
                     years
                     
                  </span>
                  of service!
                </h3>
              </div>
            </div>
          </a>
        </div>
        <div
          className="MuiPaper-root MuiPaper-elevation MuiPaper-rounded MuiPaper-elevation1 MuiCard-root anniversaries-card emotion-3"
        >
          <a
            href="/profile/b2d35288-7f1e-4549-aa2b-68396b162490"
            onClick={[Function]}
            style={
              Object {
                "color": "black",
                "textDecoration": "none",
              }
            }
          >
            <div
              className="MuiCardHeader-root MemberSummaryCard-header emotion-4"
            >
              <div
                className="MuiCardHeader-avatar emotion-5"
              >
                <div
                  className="MuiAvatar-root MuiAvatar-circular celebrations-avatar emotion-6"
                >
                  <img
                    className="MuiAvatar-img emotion-7"
                    src="http://localhost:8080/services/member-profiles/member-photos/undefined"
                  />
                </div>
              </div>
              <div
                className="MuiCardHeader-content emotion-8"
              >
                <h2
                  className="MuiTypography-root MuiTypography-h5 emotion-9"
                >
                  Mohit Bhatia
                   (
                  12/10/2016
                  )
                </h2>
                <h3
                  className="MuiTypography-root MuiTypography-body1 emotion-10"
                >
                  Thank you for
                   
                  <span>
                    6
                     years
                     
                  </span>
                  of service!
                </h3>
              </div>
            </div>
          </a>
        </div>
        <div
          className="MuiPaper-root MuiPaper-elevation MuiPaper-rounded MuiPaper-elevation1 MuiCard-root anniversaries-card emotion-3"
        >
          <a
            href="/profile/43ee8e79-b33d-44cd-b23c-e183894ebfef"
            onClick={[Function]}
            style={
              Object {
                "color": "black",
                "textDecoration": "none",
              }
            }
          >
            <div
              className="MuiCardHeader-root MemberSummaryCard-header emotion-4"
            >
              <div
                className="MuiCardHeader-avatar emotion-5"
              >
                <div
                  className="MuiAvatar-root MuiAvatar-circular celebrations-avatar emotion-6"
                >
                  <img
                    className="MuiAvatar-img emotion-7"
                    src="http://localhost:8080/services/member-profiles/member-photos/undefined"
                  />
                </div>
              </div>
              <div
                className="MuiCardHeader-content emotion-8"
              >
                <h2
                  className="MuiTypography-root MuiTypography-h5 emotion-9"
                >
                  Zack Brown
                   (
                  12/29/2019
                  )
                </h2>
                <h3
                  className="MuiTypography-root MuiTypography-body1 emotion-10"
                >
                  Thank you for
                   
                  <span>
                    3
                     years
                     
                  </span>
                  of service!
                </h3>
              </div>
            </div>
          </a>
        </div>
      </div>
    </div>
  </div>
</div>
`;
