// Vitest Snapshot v1, https://vitest.dev/guide/snapshot.html

exports[`renders the recipient card 1`] = `
<div>
  <div
    class="MuiBox-root css-aznsb2"
  >
    <div
      class="MuiPaper-root MuiPaper-elevation MuiPaper-rounded MuiPaper-elevation1 MuiCard-root member-card css-bhp9pd-MuiPaper-root-MuiCard-root"
    >
      <div
        class="MuiCardHeader-root FeedbackExternalRecipientCard-header css-185gdzj-MuiCardHeader-root"
      >
        <div
          class="MuiCardHeader-avatar css-1ssile9-MuiCardHeader-avatar"
        >
          <div
            class="MuiAvatar-root MuiAvatar-circular large css-1wlk0hk-MuiAvatar-root"
          >
            <img
              class="MuiAvatar-img css-1pqm26d-MuiAvatar-img"
              src="http://localhost:8080/services/member-profiles/member-photos/undefined"
            />
          </div>
        </div>
        <div
          class="MuiCardHeader-content css-1qbkelo-MuiCardHeader-content"
        >
          <h2
            class="MuiTypography-root MuiTypography-h5 css-ag7rrr-MuiTypography-root"
          />
          <h3
            class="MuiTypography-root MuiTypography-body1 css-1pnmrwp-MuiTypography-root"
          />
        </div>
      </div>
      <div
        class="MuiCardContent-root css-46bh2p-MuiCardContent-root"
      >
        <div
          class="MuiContainer-root MuiContainer-maxWidthLg MuiContainer-fixed info-container css-1ss2ei0-MuiContainer-root"
        >
          <p
            class="MuiTypography-root MuiTypography-body2 css-r40f8v-MuiTypography-root"
          >
            <a
              href="mailto:undefined"
              rel="noopener noreferrer"
              target="_blank"
            />
            <br />
            Location: 
            <br />
            Supervisor: 
            <br />
            PDL: 
            <br />
          </p>
        </div>
      </div>
    </div>
  </div>
</div>
`;
