// Vitest Snapshot v1, https://vitest.dev/guide/snapshot.html

exports[`renders correctly 1`] = `
<div>
  <div
    class="MuiPaper-root MuiPaper-elevation MuiPaper-rounded MuiPaper-elevation1 MuiCard-root opportunity css-bhp9pd-MuiPaper-root-MuiCard-root"
  >
    <div
      class="MuiCardHeader-root css-185gdzj-MuiCardHeader-root"
    >
      <div
        class="MuiCardHeader-avatar css-1ssile9-MuiCardHeader-avatar"
      >
        <svg
          aria-hidden="true"
          class="MuiSvgIcon-root MuiSvgIcon-fontSizeMedium css-i4bv87-MuiSvgIcon-root"
          data-testid="AssignmentIcon"
          focusable="false"
          viewBox="0 0 24 24"
        >
          <path
            d="M19 3h-4.18C14.4 1.84 13.3 1 12 1c-1.3 0-2.4.84-2.82 2H5c-1.1 0-2 .9-2 2v14c0 1.1.9 2 2 2h14c1.1 0 2-.9 2-2V5c0-1.1-.9-2-2-2m-7 0c.55 0 1 .45 1 1s-.45 1-1 1-1-.45-1-1 .45-1 1-1m2 14H7v-2h7zm3-4H7v-2h10zm0-4H7V7h10z"
          />
        </svg>
      </div>
      <div
        class="MuiCardHeader-content css-1qbkelo-MuiCardHeader-content"
      >
        <span
          class="MuiTypography-root MuiTypography-body2 MuiCardHeader-title css-et1ao3-MuiTypography-root"
        >
          <div
            class="opportunity-header"
          >
            <h3
              class="MuiTypography-root MuiTypography-h4 css-5lbw0b-MuiTypography-root"
            >
              Hip hop artist
            </h3>
          </div>
        </span>
      </div>
    </div>
    <div
      class="MuiCardContent-root opportunity-card css-46bh2p-MuiCardContent-root"
    >
      Looking for someone to spit some hot fire
      <br />
      <a
        href="www.google.com"
      >
        More Information
      </a>
      <br />
      Expires on 01/02/2030
      <br />
    </div>
  </div>
</div>
`;
