// Vitest Snapshot v1, https://vitest.dev/guide/snapshot.html

exports[`renders an error if user does not have appropriate permission 1`] = `
<div>
  <h3>
    You do not have permission to view this page.
  </h3>
</div>
`;

exports[`renders correctly 1`] = `
<div>
  <div
    class="certification-report-page"
  >
    <button
      class="MuiButtonBase-root MuiButton-root manage-btn MuiButton-text MuiButton-textPrimary MuiButton-sizeMedium MuiButton-textSizeMedium MuiButton-colorPrimary MuiButton-root manage-btn MuiButton-text MuiButton-textPrimary MuiButton-sizeMedium MuiButton-textSizeMedium MuiButton-colorPrimary css-1e6y48t-MuiButtonBase-root-MuiButton-root"
      tabindex="0"
      type="button"
    >
      Manage Certifications
      <span
        class="MuiTouchRipple-root css-8je8zh-MuiTouchRipple-root"
      />
    </button>
    <div
      id="earned-certifications-table"
    >
      <div
        class="MuiPaper-root MuiPaper-elevation MuiPaper-rounded MuiPaper-elevation1 MuiCard-root css-bhp9pd-MuiPaper-root-MuiCard-root"
      >
        <div
          class="MuiCardHeader-root css-185gdzj-MuiCardHeader-root"
        >
          <div
            class="MuiCardHeader-avatar css-1ssile9-MuiCardHeader-avatar"
          >
            <div
              class="MuiAvatar-root MuiAvatar-circular MuiAvatar-colorDefault css-19vflyy-MuiAvatar-root"
            >
              <svg
                aria-hidden="true"
                class="MuiSvgIcon-root MuiSvgIcon-fontSizeMedium css-i4bv87-MuiSvgIcon-root"
                data-testid="EmojiEventsIcon"
                focusable="false"
                viewBox="0 0 24 24"
              >
                <path
                  d="M19 5h-2V3H7v2H5c-1.1 0-2 .9-2 2v1c0 2.55 1.92 4.63 4.39 4.94.63 1.5 1.98 2.63 3.61 2.96V19H7v2h10v-2h-4v-3.1c1.63-.33 2.98-1.46 3.61-2.96C19.08 12.63 21 10.55 21 8V7c0-1.1-.9-2-2-2M5 8V7h2v3.82C5.84 10.4 5 9.3 5 8m14 0c0 1.3-.84 2.4-2 2.82V7h2z"
                />
              </svg>
            </div>
          </div>
          <div
            class="MuiCardHeader-content css-1qbkelo-MuiCardHeader-content"
          >
            <h2
              class="MuiTypography-root MuiTypography-h5 MuiCardHeader-title css-1qvr50w-MuiTypography-root"
            >
              Earned Certifications
            </h2>
          </div>
        </div>
        <div
          class="MuiCardContent-root css-46bh2p-MuiCardContent-root"
        >
          <div
            class="row"
          >
            <table>
              <thead>
                <tr>
                  <th
                    style="cursor: pointer;"
                  >
                    Member
                     ðŸ”¼
                  </th>
                  <th
                    style="cursor: pointer;"
                  >
                    Name
                  </th>
                  <th
                    style="cursor: pointer;"
                  >
                    Description
                  </th>
                  <th
                    style="cursor: pointer;"
                  >
                    Earned On
                  </th>
                  <th
                    style="cursor: pointer;"
                  >
                    Expiration
                  </th>
                  <th
                    style="cursor: pointer;"
                  >
                    Validation Image
                  </th>
                  <th
                    style="cursor: pointer;"
                  >
                    Badge
                  </th>
                  <th
                    class="actions-th"
                  >
                    Actions
                  </th>
                </tr>
              </thead>
              <tbody />
            </table>
            <button
              aria-label="Add Earned Certification"
              class="MuiButtonBase-root MuiIconButton-root add-button MuiIconButton-sizeMedium css-78trlr-MuiButtonBase-root-MuiIconButton-root"
              tabindex="0"
              type="button"
            >
              <svg
                aria-hidden="true"
                class="MuiSvgIcon-root MuiSvgIcon-fontSizeMedium css-i4bv87-MuiSvgIcon-root"
                data-testid="AddCircleOutlineIcon"
                focusable="false"
                viewBox="0 0 24 24"
              >
                <path
                  d="M13 7h-2v4H7v2h4v4h2v-4h4v-2h-4zm-1-5C6.48 2 2 6.48 2 12s4.48 10 10 10 10-4.48 10-10S17.52 2 12 2m0 18c-4.41 0-8-3.59-8-8s3.59-8 8-8 8 3.59 8 8-3.59 8-8 8"
                />
              </svg>
              <span
                class="MuiTouchRipple-root css-8je8zh-MuiTouchRipple-root"
              />
            </button>
          </div>
        </div>
      </div>
    </div>
  </div>
</div>
`;
