// Vitest Snapshot v1, https://vitest.dev/guide/snapshot.html

exports[`renders an error if user does not have appropriate permission 1`] = `
<div>
  <h3>
    You do not have permission to view this page.
  </h3>
</div>
`;

exports[`renders correctly 1`] = `
<div>
  <div
    class="checkins-report-page"
  >
    <div
      class="MuiBox-root css-1l4w6pd"
    >
      <div
        aria-label="Basic button group"
        class="MuiButtonGroup-root MuiButtonGroup-text css-iv8nej-MuiButtonGroup-root"
        role="group"
      >
        <button
          aria-label="Previous quarter\`"
          class="MuiButtonBase-root MuiIconButton-root MuiIconButton-sizeLarge css-mf1cb5-MuiButtonBase-root-MuiIconButton-root"
          data-mui-internal-clone-element="true"
          tabindex="0"
          type="button"
        >
          <svg
            aria-hidden="true"
            class="MuiSvgIcon-root MuiSvgIcon-fontSizeMedium css-i4bv87-MuiSvgIcon-root"
            data-testid="ArrowBackIcon"
            focusable="false"
            style="font-size: 1.2em;"
            viewBox="0 0 24 24"
          >
            <path
              d="M20 11H7.83l5.59-5.59L12 4l-8 8 8 8 1.41-1.41L7.83 13H20z"
            />
          </svg>
          <span
            class="MuiTouchRipple-root css-8je8zh-MuiTouchRipple-root"
          />
        </button>
        <h6
          class="MuiTypography-root MuiTypography-h6 css-16dfr7g-MuiTypography-root"
        >
          <nobr>
            Q4 2024
          </nobr>
        </h6>
        <button
          aria-label="Next quarter\`"
          class="MuiButtonBase-root MuiIconButton-root MuiIconButton-sizeLarge css-mf1cb5-MuiButtonBase-root-MuiIconButton-root"
          data-mui-internal-clone-element="true"
          tabindex="0"
          type="button"
        >
          <svg
            aria-hidden="true"
            class="MuiSvgIcon-root MuiSvgIcon-fontSizeMedium css-i4bv87-MuiSvgIcon-root"
            data-testid="ArrowForwardIcon"
            focusable="false"
            style="font-size: 1.2em;"
            viewBox="0 0 24 24"
          >
            <path
              d="m12 4-1.41 1.41L16.17 11H4v2h12.17l-5.58 5.59L12 20l8-8z"
            />
          </svg>
          <span
            class="MuiTouchRipple-root css-8je8zh-MuiTouchRipple-root"
          />
        </button>
      </div>
      <dl
        class="MuiGrid-root MuiGrid-container checkins-report-page-dates css-11lq3yg-MuiGrid-root"
      >
        <div
          class="MuiGrid-root MuiGrid-item css-13i4rnv-MuiGrid-root"
        >
          <dt
            class="MuiTypography-root MuiTypography-h6 css-2ulfj5-MuiTypography-root"
          >
            Start of Quarter
          </dt>
          <dd
            class="MuiTypography-root MuiTypography-body2 css-e784if-MuiTypography-root"
          >
            Tue Oct 01 2024
          </dd>
        </div>
        <div
          class="MuiGrid-root MuiGrid-item css-13i4rnv-MuiGrid-root"
        >
          <dt
            class="MuiTypography-root MuiTypography-h6 css-2ulfj5-MuiTypography-root"
          >
            End of Quarter
          </dt>
          <dd
            class="MuiTypography-root MuiTypography-body2 css-e784if-MuiTypography-root"
          >
            Tue Dec 31 2024
          </dd>
        </div>
      </dl>
    </div>
    <div
      class="checkins-report-page-reports"
    >
      <div
        class="team-member-map MuiBox-root css-0"
      >
        <div
          class="team-member-map-row MuiBox-root css-0"
        >
          <div
            class="team-member-map-row-summary MuiBox-root css-0"
          >
            <div
              class="MuiBox-root css-0"
              style="cursor: pointer;"
            >
              <h5
                class="MuiTypography-root MuiTypography-h5 css-ag7rrr-MuiTypography-root"
              >
                Member
              </h5>
            </div>
            <div
              class="team-member-map-summmary-content"
            >
              <hgroup />
              <div
                class="MuiBox-root css-0"
                style="cursor: pointer;"
              >
                <h5
                  class="MuiTypography-root MuiTypography-h5 css-ag7rrr-MuiTypography-root"
                >
                  PDL
                </h5>
              </div>
              <div
                class="MuiBox-root css-1mvoz6j"
              >
                <h5
                  class="MuiTypography-root MuiTypography-h5 css-ag7rrr-MuiTypography-root"
                >
                  Check-In Date
                </h5>
              </div>
              <div
                class="MuiBox-root css-0"
              >
                <h5
                  class="MuiTypography-root MuiTypography-h5 css-ag7rrr-MuiTypography-root"
                >
                  Status
                </h5>
              </div>
            </div>
          </div>
        </div>
      </div>
    </div>
  </div>
</div>
`;
