// Jest Snapshot v1, https://goo.gl/fbAQLP

exports[`renders correctly 1`] = `
Array [
  "Ëš",
  <div
    className="feedback-request-page"
  >
    <div
      className="header-container"
    >
      <h4
        className="MuiTypography-root MuiTypography-h4"
      >
        Feedback Request for 
        <b>
          John Doe
        </b>
      </h4>
      <div>
        <div>
          <a
            className="no-underline-link disabled-link"
            href="/feedback/request?step=0"
            onClick={[Function]}
          >
            <button
              className="MuiButtonBase-root MuiButton-root MuiButton-text Mui-disabled Mui-disabled"
              disabled={true}
              onBlur={[Function]}
              onDragLeave={[Function]}
              onFocus={[Function]}
              onKeyDown={[Function]}
              onKeyUp={[Function]}
              onMouseDown={[Function]}
              onMouseLeave={[Function]}
              onMouseUp={[Function]}
              onTouchEnd={[Function]}
              onTouchMove={[Function]}
              onTouchStart={[Function]}
              tabIndex={-1}
              type="button"
            >
              <span
                className="MuiButton-label"
              >
                Back
              </span>
            </button>
          </a>
          <a
            className="no-underline-link "
            href="/feedback/request?step=2"
            onClick={[Function]}
          >
            <button
              className="MuiButtonBase-root MuiButton-root MuiButton-contained MuiButton-containedPrimary"
              disabled={false}
              onBlur={[Function]}
              onDragLeave={[Function]}
              onFocus={[Function]}
              onKeyDown={[Function]}
              onKeyUp={[Function]}
              onMouseDown={[Function]}
              onMouseLeave={[Function]}
              onMouseUp={[Function]}
              onTouchEnd={[Function]}
              onTouchMove={[Function]}
              onTouchStart={[Function]}
              tabIndex={0}
              type="button"
            >
              <span
                className="MuiButton-label"
              >
                Next
              </span>
            </button>
          </a>
        </div>
      </div>
    </div>
    <div
      className="MuiPaper-root MuiStepper-root MuiStepper-horizontal makeStyles-root-1 MuiPaper-elevation0"
    >
      <div
        className="MuiStep-root MuiStep-horizontal"
      >
        <span
          className="MuiStepLabel-root MuiStepLabel-horizontal"
        >
          <span
            className="MuiStepLabel-iconContainer"
          >
            <svg
              aria-hidden={true}
              className="MuiSvgIcon-root MuiStepIcon-root MuiStepIcon-active"
              focusable="false"
              viewBox="0 0 24 24"
            >
              <circle
                cx="12"
                cy="12"
                r="12"
              />
              <text
                className="MuiStepIcon-text"
                textAnchor="middle"
                x="12"
                y="16"
              >
                1
              </text>
            </svg>
          </span>
          <span
            className="MuiStepLabel-labelContainer"
          >
            <span
              className="MuiTypography-root MuiStepLabel-label MuiStepLabel-active MuiTypography-body2 MuiTypography-displayBlock"
            >
              Select template
            </span>
          </span>
        </span>
      </div>
      <div
        className="MuiStepConnector-root MuiStepConnector-horizontal Mui-disabled"
      >
        <span
          className="MuiStepConnector-line MuiStepConnector-lineHorizontal"
        />
      </div>
      <div
        className="MuiStep-root MuiStep-horizontal"
      >
        <span
          className="MuiStepLabel-root MuiStepLabel-horizontal Mui-disabled"
        >
          <span
            className="MuiStepLabel-iconContainer"
          >
            <svg
              aria-hidden={true}
              className="MuiSvgIcon-root MuiStepIcon-root"
              focusable="false"
              viewBox="0 0 24 24"
            >
              <circle
                cx="12"
                cy="12"
                r="12"
              />
              <text
                className="MuiStepIcon-text"
                textAnchor="middle"
                x="12"
                y="16"
              >
                2
              </text>
            </svg>
          </span>
          <span
            className="MuiStepLabel-labelContainer"
          >
            <span
              className="MuiTypography-root MuiStepLabel-label MuiTypography-body2 MuiTypography-displayBlock"
            >
              Select recipients
            </span>
          </span>
        </span>
      </div>
      <div
        className="MuiStepConnector-root MuiStepConnector-horizontal Mui-disabled"
      >
        <span
          className="MuiStepConnector-line MuiStepConnector-lineHorizontal"
        />
      </div>
      <div
        className="MuiStep-root MuiStep-horizontal"
      >
        <span
          className="MuiStepLabel-root MuiStepLabel-horizontal Mui-disabled"
        >
          <span
            className="MuiStepLabel-iconContainer"
          >
            <svg
              aria-hidden={true}
              className="MuiSvgIcon-root MuiStepIcon-root"
              focusable="false"
              viewBox="0 0 24 24"
            >
              <circle
                cx="12"
                cy="12"
                r="12"
              />
              <text
                className="MuiStepIcon-text"
                textAnchor="middle"
                x="12"
                y="16"
              >
                3
              </text>
            </svg>
          </span>
          <span
            className="MuiStepLabel-labelContainer"
          >
            <span
              className="MuiTypography-root MuiStepLabel-label MuiTypography-body2 MuiTypography-displayBlock"
            >
              Set due date
            </span>
          </span>
        </span>
      </div>
      <div
        className="MuiStepConnector-root MuiStepConnector-horizontal Mui-disabled"
      >
        <span
          className="MuiStepConnector-line MuiStepConnector-lineHorizontal"
        />
      </div>
      <div
        className="MuiStep-root MuiStep-horizontal"
      >
        <span
          className="MuiStepLabel-root MuiStepLabel-horizontal Mui-disabled"
        >
          <span
            className="MuiStepLabel-iconContainer"
          >
            <svg
              aria-hidden={true}
              className="MuiSvgIcon-root MuiStepIcon-root"
              focusable="false"
              viewBox="0 0 24 24"
            >
              <circle
                cx="12"
                cy="12"
                r="12"
              />
              <text
                className="MuiStepIcon-text"
                textAnchor="middle"
                x="12"
                y="16"
              >
                4
              </text>
            </svg>
          </span>
          <span
            className="MuiStepLabel-labelContainer"
          >
            <span
              className="MuiTypography-root MuiStepLabel-label MuiTypography-body2 MuiTypography-displayBlock"
            >
              Done!
            </span>
          </span>
        </span>
      </div>
    </div>
    <div
      className="current-step-content"
    >
      <div
        className="card-container"
      >
        <div
          className="MuiPaper-root MuiCard-root feedback-template-card MuiPaper-elevation1 MuiPaper-rounded"
        >
          <div
            className="MuiCardContent-root"
          >
            <div
              className="card-content"
            >
              <div>
                <div
                  className="template-name"
                >
                  Ad Hoc
                </div>
                <div
                  className="description-and-creator"
                >
                  <div
                    className="description"
                  >
                    Send a single question
                  </div>
                </div>
              </div>
              <div
                className="creator-wrapper"
              >
                Created by:
                <div
                  className="creator"
                >
                  Admin
                </div>
              </div>
            </div>
          </div>
        </div>
        <div
          className="MuiPaper-root MuiCard-root feedback-template-card MuiPaper-elevation1 MuiPaper-rounded"
        >
          <div
            className="MuiCardContent-root"
          >
            <div
              className="card-content"
            >
              <div>
                <div
                  className="template-name"
                >
                  Survey 1
                </div>
                <div
                  className="description-and-creator"
                >
                  <div
                    className="description"
                  >
                    Make a survey of a few questions
                  </div>
                </div>
              </div>
              <div
                className="creator-wrapper"
              >
                Created by:
                <div
                  className="creator"
                >
                  Admin
                </div>
              </div>
            </div>
          </div>
        </div>
        <div
          className="MuiPaper-root MuiCard-root feedback-template-card MuiPaper-elevation1 MuiPaper-rounded"
        >
          <div
            className="MuiCardContent-root"
          >
            <div
              className="card-content"
            >
              <div>
                <div
                  className="template-name"
                >
                  Feedback Survey 2
                </div>
                <div
                  className="description-and-creator"
                >
                  <div
                    className="description"
                  >
                    Another type of survey
                  </div>
                </div>
              </div>
              <div
                className="creator-wrapper"
              >
                Created by:
                <div
                  className="creator"
                >
                  Jane Doe
                </div>
              </div>
            </div>
          </div>
        </div>
        <div
          className="MuiPaper-root MuiCard-root feedback-template-card MuiPaper-elevation1 MuiPaper-rounded"
        >
          <div
            className="MuiCardContent-root"
          >
            <div
              className="card-content"
            >
              <div>
                <div
                  className="template-name"
                >
                  Custom Template
                </div>
                <div
                  className="description-and-creator"
                >
                  <div
                    className="description"
                  >
                    A very very very very very very very very very very very very very very very very very ver...
                  </div>
                </div>
              </div>
              <div
                className="creator-wrapper"
              >
                Created by:
                <div
                  className="creator"
                >
                  Bob Smith
                </div>
              </div>
            </div>
          </div>
        </div>
      </div>
    </div>
  </div>,
]
`;
