// Vitest Snapshot v1, https://vitest.dev/guide/snapshot.html

exports[`renders correctly 1`] = `
<div>
  <div
    class="guilds-page"
  >
    <div
      class="css-af1e1q"
    >
      <div
        class="guild-search"
      >
        <div
          class="MuiFormControl-root MuiTextField-root GuildResults-searchInput css-1u3bzj6-MuiFormControl-root-MuiTextField-root"
        >
          <label
            class="MuiFormLabel-root MuiInputLabel-root MuiInputLabel-formControl MuiInputLabel-animated MuiInputLabel-sizeMedium MuiInputLabel-outlined MuiFormLabel-colorPrimary MuiInputLabel-root MuiInputLabel-formControl MuiInputLabel-animated MuiInputLabel-sizeMedium MuiInputLabel-outlined css-14s5rfu-MuiFormLabel-root-MuiInputLabel-root"
            data-shrink="false"
            for=":r0:"
            id=":r0:-label"
          >
            Search guilds...
          </label>
          <div
            class="MuiInputBase-root MuiOutlinedInput-root MuiInputBase-colorPrimary MuiInputBase-formControl css-9ddj71-MuiInputBase-root-MuiOutlinedInput-root"
          >
            <input
              aria-invalid="false"
              class="MuiInputBase-input MuiOutlinedInput-input css-1t8l2tu-MuiInputBase-input-MuiOutlinedInput-input"
              id=":r0:"
              placeholder="Guild Name"
              type="text"
              value=""
            />
            <fieldset
              aria-hidden="true"
              class="MuiOutlinedInput-notchedOutline css-1d3z3hw-MuiOutlinedInput-notchedOutline"
            >
              <legend
                class="css-yjsfm1"
              >
                <span>
                  Search guilds...
                </span>
              </legend>
            </fieldset>
          </div>
        </div>
        <div
          class="guild-actions"
        />
      </div>
      <div
        class="guilds"
      >
        <h5
          class="MuiTypography-root MuiTypography-h5 css-ag7rrr-MuiTypography-root"
        >
          None Available
        </h5>
      </div>
    </div>
  </div>
</div>
`;
