// Vitest Snapshot v1, https://vitest.dev/guide/snapshot.html

exports[`renders correctly 1`] = `
<div>
  <div
    class="ReviewPage-root css-1fywzcf"
  >
    <div
      class="ReviewPage-stepContainer"
    >
      <div
        class="css-d225zd"
      >
        <div
          class="ReviewPeriods-headerContainer"
        >
          <h4
            class="MuiTypography-root MuiTypography-h4 css-5lbw0b-MuiTypography-root"
          >
            Review Periods
          </h4>
        </div>
        <ul
          class="MuiList-root MuiList-padding css-168pop2-MuiList-root"
        >
          <div>
            <div
              class="MuiPaper-root MuiPaper-elevation MuiPaper-rounded MuiPaper-elevation1 MuiCard-root review-period-card css-bhp9pd-MuiPaper-root-MuiCard-root"
            >
              <div
                class="row top-row"
              >
                <div
                  class="MuiListItemAvatar-root css-1e9lk82-MuiListItemAvatar-root"
                >
                  <div
                    class="MuiAvatar-root MuiAvatar-circular MuiAvatar-colorDefault css-17o22dy-MuiAvatar-root"
                  >
                    <svg
                      aria-hidden="true"
                      class="MuiSvgIcon-root MuiSvgIcon-fontSizeMedium css-i4bv87-MuiSvgIcon-root"
                      data-testid="MeetingRoomIcon"
                      focusable="false"
                      viewBox="0 0 24 24"
                    >
                      <path
                        d="M14 6v15H3v-2h2V3h9v1h5v15h2v2h-4V6zm-4 5v2h2v-2z"
                      />
                    </svg>
                  </div>
                </div>
                <div
                  class="MuiListItemText-root css-tlelie-MuiListItemText-root"
                >
                  <span
                    class="MuiTypography-root MuiTypography-body1 MuiListItemText-primary css-10hburv-MuiTypography-root"
                  >
                    Review Period 2 - Open
                  </span>
                </div>
              </div>
            </div>
          </div>
          <div>
            <div
              class="MuiPaper-root MuiPaper-elevation MuiPaper-rounded MuiPaper-elevation1 MuiCard-root review-period-card css-bhp9pd-MuiPaper-root-MuiCard-root"
            >
              <div
                class="row top-row"
              >
                <div
                  class="MuiListItemAvatar-root css-1e9lk82-MuiListItemAvatar-root"
                >
                  <div
                    class="MuiAvatar-root MuiAvatar-circular MuiAvatar-colorDefault css-17o22dy-MuiAvatar-root"
                  >
                    <svg
                      aria-hidden="true"
                      class="MuiSvgIcon-root MuiSvgIcon-fontSizeMedium css-i4bv87-MuiSvgIcon-root"
                      data-testid="DoorFrontIcon"
                      focusable="false"
                      viewBox="0 0 24 24"
                    >
                      <path
                        d="M19 19V5c0-1.1-.9-2-2-2H7c-1.1 0-2 .9-2 2v14H3v2h18v-2zm-4-6h-2v-2h2z"
                      />
                    </svg>
                  </div>
                </div>
                <div
                  class="MuiListItemText-root css-tlelie-MuiListItemText-root"
                >
                  <span
                    class="MuiTypography-root MuiTypography-body1 MuiListItemText-primary css-10hburv-MuiTypography-root"
                  >
                    Review Period 1 - Closed
                  </span>
                </div>
              </div>
            </div>
          </div>
        </ul>
      </div>
    </div>
  </div>
</div>
`;
