// Vitest Snapshot v1, https://vitest.dev/guide/snapshot.html

exports[`renders correctly 1`] = `
<div>
  <h3>
    You do not have permission to view this page.
  </h3>
</div>
`;
