// Jest Snapshot v1, https://goo.gl/fbAQLP

exports[`renders the feedback tips component. 1`] = `
<ContextProvider
  value={
    Object {
      "dispatch": [Function],
      "state": Object {
        "checkins": Array [],
        "csrf": undefined,
        "guilds": Array [],
        "index": 0,
        "memberProfiles": Array [],
        "memberSkills": Array [],
        "roles": Array [],
        "skills": Array [],
        "teams": Array [],
        "terminatedMembers": Array [],
        "toast": Object {
          "severity": "",
          "toast": "",
        },
        "userProfile": undefined,
      },
    }
  }
>
  <AdHocCreationForm />
</ContextProvider>
`;
